Archive member included because of file (symbol)

c:/winavr-20100110/bin/../lib/gcc/avr/4.3.3/avr5\libgcc.a(_udivmodqi4.o)
                              c:/AVRcommon/USART.o (__udivmodqi4)
c:/winavr-20100110/bin/../lib/gcc/avr/4.3.3/avr5\libgcc.a(_udivmodhi4.o)
                              c:/AVRcommon/USART.o (__udivmodhi4)
c:/winavr-20100110/bin/../lib/gcc/avr/4.3.3/avr5\libgcc.a(_divmodhi4.o)
                              fancyBrake.o (__divmodhi4)
c:/winavr-20100110/bin/../lib/gcc/avr/4.3.3/avr5\libgcc.a(_exit.o)
                              c:/winavr-20100110/bin/../lib/gcc/avr/4.3.3/../../../../avr/lib/avr5/crtm168.o (exit)
c:/winavr-20100110/bin/../lib/gcc/avr/4.3.3/avr5\libgcc.a(_copy_data.o)
                              fancyBrake.o (__do_copy_data)
c:/winavr-20100110/bin/../lib/gcc/avr/4.3.3/avr5\libgcc.a(_clear_bss.o)
                              fancyBrake.o (__do_clear_bss)

Allocating common symbols
Common symbol       size              file

state               0x1               fancyBrake.o
_last_brake         0x1               fancyBrake.o
tReg                0x3               fancyBrake.o
_last               0x2               timer.o
_curr               0x4               timer.o

Discarded input sections

 .data          0x00000000        0x0 c:/winavr-20100110/bin/../lib/gcc/avr/4.3.3/../../../../avr/lib/avr5/crtm168.o
 .bss           0x00000000        0x0 c:/winavr-20100110/bin/../lib/gcc/avr/4.3.3/../../../../avr/lib/avr5/crtm168.o
 .text          0x00000000        0x0 fancyBrake.o
 .data          0x00000000        0x0 fancyBrake.o
 .bss           0x00000000        0x0 fancyBrake.o
 .text          0x00000000        0x0 LED.o
 .data          0x00000000        0x0 LED.o
 .bss           0x00000000        0x0 LED.o
 .text.clear_all
                0x00000000        0x0 LED.o
 .text.set_all  0x00000000        0x0 LED.o
 .text.t_value  0x00000000        0x0 LED.o
 .text.Off_     0x00000000        0x0 LED.o
 .text          0x00000000        0x0 timer.o
 .data          0x00000000        0x0 timer.o
 .bss           0x00000000        0x0 timer.o
 .text.timer1B_stop
                0x00000000        0x0 timer.o
 .text.write1   0x00000000        0x0 timer.o
 .text.timer1B_reset
                0x00000000        0x0 timer.o
 .text.timer1B_ticks
                0x00000000        0x0 timer.o
 .text.timer1B  0x00000000        0x0 timer.o
 .text          0x00000000        0x0 c:/AVRcommon/USART.o
 .data          0x00000000        0x0 c:/AVRcommon/USART.o
 .bss           0x00000000        0x0 c:/AVRcommon/USART.o
 .text.initUSART
                0x00000000        0x0 c:/AVRcommon/USART.o
 .text.transmitByte
                0x00000000        0x0 c:/AVRcommon/USART.o
 .text.receiveByte
                0x00000000        0x0 c:/AVRcommon/USART.o
 .text.printString
                0x00000000        0x0 c:/AVRcommon/USART.o
 .text.readString
                0x00000000        0x0 c:/AVRcommon/USART.o
 .text.printByte
                0x00000000        0x0 c:/AVRcommon/USART.o
 .text.printWord
                0x00000000        0x0 c:/AVRcommon/USART.o
 .text.printBinaryByte
                0x00000000        0x0 c:/AVRcommon/USART.o
 .text.nibbleToHexCharacter
                0x00000000        0x0 c:/AVRcommon/USART.o
 .text.printHexByte
                0x00000000        0x0 c:/AVRcommon/USART.o
 .text.getNumber
                0x00000000        0x0 c:/AVRcommon/USART.o
 .text          0x00000000        0x0 c:/winavr-20100110/bin/../lib/gcc/avr/4.3.3/avr5\libgcc.a(_udivmodqi4.o)
 .data          0x00000000        0x0 c:/winavr-20100110/bin/../lib/gcc/avr/4.3.3/avr5\libgcc.a(_udivmodqi4.o)
 .bss           0x00000000        0x0 c:/winavr-20100110/bin/../lib/gcc/avr/4.3.3/avr5\libgcc.a(_udivmodqi4.o)
 .text.libgcc   0x00000000        0x0 c:/winavr-20100110/bin/../lib/gcc/avr/4.3.3/avr5\libgcc.a(_udivmodqi4.o)
 .text          0x00000000        0x0 c:/winavr-20100110/bin/../lib/gcc/avr/4.3.3/avr5\libgcc.a(_udivmodhi4.o)
 .data          0x00000000        0x0 c:/winavr-20100110/bin/../lib/gcc/avr/4.3.3/avr5\libgcc.a(_udivmodhi4.o)
 .bss           0x00000000        0x0 c:/winavr-20100110/bin/../lib/gcc/avr/4.3.3/avr5\libgcc.a(_udivmodhi4.o)
 .text          0x00000000        0x0 c:/winavr-20100110/bin/../lib/gcc/avr/4.3.3/avr5\libgcc.a(_divmodhi4.o)
 .data          0x00000000        0x0 c:/winavr-20100110/bin/../lib/gcc/avr/4.3.3/avr5\libgcc.a(_divmodhi4.o)
 .bss           0x00000000        0x0 c:/winavr-20100110/bin/../lib/gcc/avr/4.3.3/avr5\libgcc.a(_divmodhi4.o)
 .text          0x00000000        0x0 c:/winavr-20100110/bin/../lib/gcc/avr/4.3.3/avr5\libgcc.a(_exit.o)
 .data          0x00000000        0x0 c:/winavr-20100110/bin/../lib/gcc/avr/4.3.3/avr5\libgcc.a(_exit.o)
 .bss           0x00000000        0x0 c:/winavr-20100110/bin/../lib/gcc/avr/4.3.3/avr5\libgcc.a(_exit.o)
 .text.libgcc   0x00000000        0x0 c:/winavr-20100110/bin/../lib/gcc/avr/4.3.3/avr5\libgcc.a(_exit.o)
 .text          0x00000000        0x0 c:/winavr-20100110/bin/../lib/gcc/avr/4.3.3/avr5\libgcc.a(_copy_data.o)
 .data          0x00000000        0x0 c:/winavr-20100110/bin/../lib/gcc/avr/4.3.3/avr5\libgcc.a(_copy_data.o)
 .bss           0x00000000        0x0 c:/winavr-20100110/bin/../lib/gcc/avr/4.3.3/avr5\libgcc.a(_copy_data.o)
 .text.libgcc   0x00000000        0x0 c:/winavr-20100110/bin/../lib/gcc/avr/4.3.3/avr5\libgcc.a(_copy_data.o)
 .text          0x00000000        0x0 c:/winavr-20100110/bin/../lib/gcc/avr/4.3.3/avr5\libgcc.a(_clear_bss.o)
 .data          0x00000000        0x0 c:/winavr-20100110/bin/../lib/gcc/avr/4.3.3/avr5\libgcc.a(_clear_bss.o)
 .bss           0x00000000        0x0 c:/winavr-20100110/bin/../lib/gcc/avr/4.3.3/avr5\libgcc.a(_clear_bss.o)
 .text.libgcc   0x00000000        0x0 c:/winavr-20100110/bin/../lib/gcc/avr/4.3.3/avr5\libgcc.a(_clear_bss.o)

Memory Configuration

Name             Origin             Length             Attributes
text             0x00000000         0x00020000         xr
data             0x00800060         0x0000ffa0         rw !x
eeprom           0x00810000         0x00010000         rw !x
fuse             0x00820000         0x00000400         rw !x
lock             0x00830000         0x00000400         rw !x
signature        0x00840000         0x00000400         rw !x
*default*        0x00000000         0xffffffff

Linker script and memory map

Address of section .data set to 0x800100
LOAD c:/winavr-20100110/bin/../lib/gcc/avr/4.3.3/../../../../avr/lib/avr5/crtm168.o
LOAD fancyBrake.o
LOAD LED.o
LOAD timer.o
LOAD c:/AVRcommon/USART.o
LOAD c:/winavr-20100110/bin/../lib/gcc/avr/4.3.3/avr5\libgcc.a
LOAD c:/winavr-20100110/bin/../lib/gcc/avr/4.3.3/../../../../avr/lib/avr5\libc.a
LOAD c:/winavr-20100110/bin/../lib/gcc/avr/4.3.3/avr5\libgcc.a

.hash
 *(.hash)

.dynsym
 *(.dynsym)

.dynstr
 *(.dynstr)

.gnu.version
 *(.gnu.version)

.gnu.version_d
 *(.gnu.version_d)

.gnu.version_r
 *(.gnu.version_r)

.rel.init
 *(.rel.init)

.rela.init
 *(.rela.init)

.rel.text
 *(.rel.text)
 *(.rel.text.*)
 *(.rel.gnu.linkonce.t*)

.rela.text
 *(.rela.text)
 *(.rela.text.*)
 *(.rela.gnu.linkonce.t*)

.rel.fini
 *(.rel.fini)

.rela.fini
 *(.rela.fini)

.rel.rodata
 *(.rel.rodata)
 *(.rel.rodata.*)
 *(.rel.gnu.linkonce.r*)

.rela.rodata
 *(.rela.rodata)
 *(.rela.rodata.*)
 *(.rela.gnu.linkonce.r*)

.rel.data
 *(.rel.data)
 *(.rel.data.*)
 *(.rel.gnu.linkonce.d*)

.rela.data
 *(.rela.data)
 *(.rela.data.*)
 *(.rela.gnu.linkonce.d*)

.rel.ctors
 *(.rel.ctors)

.rela.ctors
 *(.rela.ctors)

.rel.dtors
 *(.rel.dtors)

.rela.dtors
 *(.rela.dtors)

.rel.got
 *(.rel.got)

.rela.got
 *(.rela.got)

.rel.bss
 *(.rel.bss)

.rela.bss
 *(.rela.bss)

.rel.plt
 *(.rel.plt)

.rela.plt
 *(.rela.plt)

.text           0x00000000      0x9a6
 *(.vectors)
 .vectors       0x00000000       0x68 c:/winavr-20100110/bin/../lib/gcc/avr/4.3.3/../../../../avr/lib/avr5/crtm168.o
                0x00000000                __vectors
                0x00000000                __vector_default
 *(.vectors)
 *(.progmem.gcc*)
 *(.progmem*)
                0x00000068                . = ALIGN (0x2)
                0x00000068                __trampolines_start = .
 *(.trampolines)
 .trampolines   0x00000068        0x0 linker stubs
 *(.trampolines*)
                0x00000068                __trampolines_end = .
 *(.jumptables)
 *(.jumptables*)
 *(.lowtext)
 *(.lowtext*)
                0x00000068                __ctors_start = .
 *(.ctors)
                0x00000068                __ctors_end = .
                0x00000068                __dtors_start = .
 *(.dtors)
                0x00000068                __dtors_end = .
 SORT(*)(.ctors)
 SORT(*)(.dtors)
 *(.init0)
 .init0         0x00000068        0x0 c:/winavr-20100110/bin/../lib/gcc/avr/4.3.3/../../../../avr/lib/avr5/crtm168.o
                0x00000068                __init
 *(.init0)
 *(.init1)
 *(.init1)
 *(.init2)
 .init2         0x00000068        0xc c:/winavr-20100110/bin/../lib/gcc/avr/4.3.3/../../../../avr/lib/avr5/crtm168.o
 *(.init2)
 *(.init3)
 *(.init3)
 *(.init4)
 .init4         0x00000074       0x16 c:/winavr-20100110/bin/../lib/gcc/avr/4.3.3/avr5\libgcc.a(_copy_data.o)
                0x00000074                __do_copy_data
 .init4         0x0000008a       0x10 c:/winavr-20100110/bin/../lib/gcc/avr/4.3.3/avr5\libgcc.a(_clear_bss.o)
                0x0000008a                __do_clear_bss
 *(.init4)
 *(.init5)
 *(.init5)
 *(.init6)
 *(.init6)
 *(.init7)
 *(.init7)
 *(.init8)
 *(.init8)
 *(.init9)
 .init9         0x0000009a        0x8 c:/winavr-20100110/bin/../lib/gcc/avr/4.3.3/../../../../avr/lib/avr5/crtm168.o
 *(.init9)
 *(.text)
 .text          0x000000a2        0x4 c:/winavr-20100110/bin/../lib/gcc/avr/4.3.3/../../../../avr/lib/avr5/crtm168.o
                0x000000a2                __vector_22
                0x000000a2                __vector_1
                0x000000a2                __vector_24
                0x000000a2                __vector_12
                0x000000a2                __bad_interrupt
                0x000000a2                __vector_6
                0x000000a2                __vector_3
                0x000000a2                __vector_23
                0x000000a2                __vector_25
                0x000000a2                __vector_11
                0x000000a2                __vector_13
                0x000000a2                __vector_17
                0x000000a2                __vector_19
                0x000000a2                __vector_7
                0x000000a2                __vector_5
                0x000000a2                __vector_4
                0x000000a2                __vector_9
                0x000000a2                __vector_2
                0x000000a2                __vector_21
                0x000000a2                __vector_15
                0x000000a2                __vector_8
                0x000000a2                __vector_14
                0x000000a2                __vector_10
                0x000000a2                __vector_16
                0x000000a2                __vector_18
                0x000000a2                __vector_20
                0x000000a6                . = ALIGN (0x2)
 *(.text.*)
 .text.Sequence_Brake
                0x000000a6       0x1a fancyBrake.o
                0x000000a6                Sequence_Brake
 .text.Sequence_OffBrake
                0x000000c0      0x1c8 fancyBrake.o
                0x000000c0                Sequence_OffBrake
 .text.Sequence_OnBrake
                0x00000288       0x90 fancyBrake.o
                0x00000288                Sequence_OnBrake
 .text.Sequence_Normal
                0x00000318       0xf8 fancyBrake.o
                0x00000318                Sequence_Normal
 .text.Sequence_Boot
                0x00000410      0x186 fancyBrake.o
                0x00000410                Sequence_Boot
 .text.isBrakeing
                0x00000596       0x5a fancyBrake.o
                0x00000596                isBrakeing
 .text.main     0x000005f0       0xa6 fancyBrake.o
                0x000005f0                main
 .text.pins_init
                0x00000696       0x26 LED.o
                0x00000696                pins_init
 .text.On       0x000006bc       0x24 LED.o
                0x000006bc                On
 .text.On_ar    0x000006e0       0x4c LED.o
                0x000006e0                On_ar
 .text.Off      0x0000072c       0x26 LED.o
                0x0000072c                Off
 .text.Off_ar   0x00000752       0x4e LED.o
                0x00000752                Off_ar
 .text.l_value  0x000007a0       0x4a LED.o
                0x000007a0                l_value
 .text.sync     0x000007ea       0x26 LED.o
                0x000007ea                sync
 .text.On_      0x00000810       0x5a LED.o
                0x00000810                On_
 .text.timer1B_start
                0x0000086a       0x24 timer.o
                0x0000086a                timer1B_start
 .text.Read1    0x0000088e       0x74 timer.o
                0x0000088e                Read1
 .text.timer1B_next
                0x00000902       0x28 timer.o
                0x00000902                timer1B_next
 .text.timer1B_past
                0x0000092a       0x2a timer.o
                0x0000092a                timer1B_past
 .text.libgcc   0x00000954       0x28 c:/winavr-20100110/bin/../lib/gcc/avr/4.3.3/avr5\libgcc.a(_udivmodhi4.o)
                0x00000954                __udivmodhi4
 .text.libgcc   0x0000097c       0x26 c:/winavr-20100110/bin/../lib/gcc/avr/4.3.3/avr5\libgcc.a(_divmodhi4.o)
                0x0000097c                __divmodhi4
                0x0000097c                _div
                0x000009a2                . = ALIGN (0x2)
 *(.fini9)
 .fini9         0x000009a2        0x0 c:/winavr-20100110/bin/../lib/gcc/avr/4.3.3/avr5\libgcc.a(_exit.o)
                0x000009a2                exit
                0x000009a2                _exit
 *(.fini9)
 *(.fini8)
 *(.fini8)
 *(.fini7)
 *(.fini7)
 *(.fini6)
 *(.fini6)
 *(.fini5)
 *(.fini5)
 *(.fini4)
 *(.fini4)
 *(.fini3)
 *(.fini3)
 *(.fini2)
 *(.fini2)
 *(.fini1)
 *(.fini1)
 *(.fini0)
 .fini0         0x000009a2        0x4 c:/winavr-20100110/bin/../lib/gcc/avr/4.3.3/avr5\libgcc.a(_exit.o)
 *(.fini0)
                0x000009a6                _etext = .

.data           0x00800100       0x10 load address 0x000009a6
                0x00800100                PROVIDE (__data_start, .)
 *(.data)
 *(.data*)
 .data.outer    0x00800100        0xc fancyBrake.o
                0x00800100                outer
 .data.inner    0x0080010c        0x4 fancyBrake.o
                0x0080010c                inner
 *(.rodata)
 *(.rodata*)
 *(.gnu.linkonce.d*)
                0x00800110                . = ALIGN (0x2)
                0x00800110                _edata = .
                0x00800110                PROVIDE (__data_end, .)

.bss            0x00800110       0x26
                0x00800110                PROVIDE (__bss_start, .)
 *(.bss)
 *(.bss*)
 .bss.cnt.1417  0x00800110        0x1 fancyBrake.o
 .bss.next.1416
                0x00800111        0x4 fancyBrake.o
 .bss.cnt.1403  0x00800115        0x1 fancyBrake.o
 .bss.next.1402
                0x00800116        0x4 fancyBrake.o
 .bss.inx.1369  0x0080011a        0x1 fancyBrake.o
 .bss.next.1368
                0x0080011b        0x4 fancyBrake.o
 .bss.next.1330
                0x0080011f        0x4 fancyBrake.o
 .bss.value.1329
                0x00800123        0x2 fancyBrake.o
 .bss.ret.1317  0x00800125        0x1 fancyBrake.o
 .bss.last.1315
                0x00800126        0x1 fancyBrake.o
 .bss.lasttm.1314
                0x00800127        0x4 fancyBrake.o
 *(COMMON)
 COMMON         0x0080012b        0x5 fancyBrake.o
                0x0080012b                state
                0x0080012c                _last_brake
                0x0080012d                tReg
 COMMON         0x00800130        0x6 timer.o
                0x00800130                _last
                0x00800132                _curr
                0x00800136                PROVIDE (__bss_end, .)
                0x000009a6                __data_load_start = LOADADDR (.data)
                0x000009b6                __data_load_end = (__data_load_start + SIZEOF (.data))

.noinit         0x00800136        0x0
                0x00800136                PROVIDE (__noinit_start, .)
 *(.noinit*)
                0x00800136                PROVIDE (__noinit_end, .)
                0x00800136                _end = .
                0x00800136                PROVIDE (__heap_start, .)

.eeprom         0x00810000        0x0
 *(.eeprom*)
                0x00810000                __eeprom_end = .

.fuse
 *(.fuse)
 *(.lfuse)
 *(.hfuse)
 *(.efuse)

.lock
 *(.lock*)

.signature
 *(.signature*)

.stab
 *(.stab)

.stabstr
 *(.stabstr)

.stab.excl
 *(.stab.excl)

.stab.exclstr
 *(.stab.exclstr)

.stab.index
 *(.stab.index)

.stab.indexstr
 *(.stab.indexstr)

.comment
 *(.comment)

.debug
 *(.debug)

.line
 *(.line)

.debug_srcinfo
 *(.debug_srcinfo)

.debug_sfnames
 *(.debug_sfnames)

.debug_aranges  0x00000000      0x198
 *(.debug_aranges)
 .debug_aranges
                0x00000000       0x50 fancyBrake.o
 .debug_aranges
                0x00000050       0x78 LED.o
 .debug_aranges
                0x000000c8       0x60 timer.o
 .debug_aranges
                0x00000128       0x70 c:/AVRcommon/USART.o

.debug_pubnames
                0x00000000      0x2cd
 *(.debug_pubnames)
 .debug_pubnames
                0x00000000       0xc5 fancyBrake.o
 .debug_pubnames
                0x000000c5       0x90 LED.o
 .debug_pubnames
                0x00000155       0xb0 timer.o
 .debug_pubnames
                0x00000205       0xc8 c:/AVRcommon/USART.o

.debug_info     0x00000000      0xdba
 *(.debug_info)
 .debug_info    0x00000000      0x413 fancyBrake.o
 .debug_info    0x00000413      0x339 LED.o
 .debug_info    0x0000074c      0x22a timer.o
 .debug_info    0x00000976      0x444 c:/AVRcommon/USART.o
 *(.gnu.linkonce.wi.*)

.debug_abbrev   0x00000000      0x5b5
 *(.debug_abbrev)
 .debug_abbrev  0x00000000      0x180 fancyBrake.o
 .debug_abbrev  0x00000180      0x11b LED.o
 .debug_abbrev  0x0000029b      0x179 timer.o
 .debug_abbrev  0x00000414      0x1a1 c:/AVRcommon/USART.o

.debug_line     0x00000000      0xe71
 *(.debug_line)
 .debug_line    0x00000000      0x4af fancyBrake.o
 .debug_line    0x000004af      0x358 LED.o
 .debug_line    0x00000807      0x21c timer.o
 .debug_line    0x00000a23      0x44e c:/AVRcommon/USART.o

.debug_frame    0x00000000      0x2b0
 *(.debug_frame)
 .debug_frame   0x00000000       0x80 fancyBrake.o
 .debug_frame   0x00000080       0xd0 LED.o
 .debug_frame   0x00000150       0xa0 timer.o
 .debug_frame   0x000001f0       0xc0 c:/AVRcommon/USART.o

.debug_str      0x00000000      0x34a
 *(.debug_str)
 .debug_str     0x00000000      0x16d fancyBrake.o
                                0x1bc (size before relaxing)
 .debug_str     0x0000016d       0x71 LED.o
                                0x126 (size before relaxing)
 .debug_str     0x000001de       0x7f timer.o
                                0x13f (size before relaxing)
 .debug_str     0x0000025d       0xed c:/AVRcommon/USART.o
                                0x176 (size before relaxing)

.debug_loc      0x00000000      0x5a8
 *(.debug_loc)
 .debug_loc     0x00000000      0x1fd fancyBrake.o
 .debug_loc     0x000001fd      0x131 LED.o
 .debug_loc     0x0000032e       0xa5 timer.o
 .debug_loc     0x000003d3      0x1d5 c:/AVRcommon/USART.o

.debug_macinfo
 *(.debug_macinfo)
OUTPUT(fancyBrake_v1.elf elf32-avr)
LOAD linker stubs

.debug_ranges   0x00000000      0x2b0
 .debug_ranges  0x00000000       0x90 fancyBrake.o
 .debug_ranges  0x00000090       0x70 LED.o
 .debug_ranges  0x00000100       0x58 timer.o
 .debug_ranges  0x00000158      0x158 c:/AVRcommon/USART.o
